// Jest Snapshot v1, https://goo.gl/fbAQLP

exports[`<Cart /> renders and matches snapshot 1`] = `
<header>
  <CloseButton
    onClick={[Function]}
    title="close"
  >
    <button
      className="CloseButton-wc0bws-0 dPYwjI"
      onClick={[Function]}
      title="close"
    >
      Ã—
    </button>
  </CloseButton>
  <Supreme>
    <h3
      className="Supreme-sc-5zf9dh-0 fizWmf"
    >
      Miss Coleman Berge
      's Cart
    </h3>
  </Supreme>
  <p>
    You have 
    1
     Item
     
    in your cart
  </p>
</header>
`;
